// Jest Snapshot v1, https://goo.gl/fbAQLP

exports[`expense banner renders 1`] = `
<div>
  Viewing 1 expenses, totaling $1.00
</div>
`;
