// Jest Snapshot v1, https://goo.gl/fbAQLP

exports[`expense list item renders with data 1`] = `
<div>
  <Link
    to="/edit/1"
  >
    <h3>
      gum
    </h3>
  </Link>
  <p>
    Amount: 
    $0.50
  </p>
  <p>
    Date: 
    Wed, Dec 31st, 1969
  </p>
</div>
`;
