// Jest Snapshot v1, https://goo.gl/fbAQLP

exports[`expense banner renders 1`] = `
<div>
  Expense Banner
</div>
`;
