// Jest Snapshot v1, https://goo.gl/fbAQLP

exports[`add expense renders 1`] = `
<Fragment>
  <h1>
    AddExpense
  </h1>
  <ExpenseForm
    submitExpense={[Function]}
  />
</Fragment>
`;
