// Jest Snapshot v1, https://goo.gl/fbAQLP

exports[`not found renders 1`] = `
<div>
  404 - 
  <Link
    to="/"
  >
     Return to Expensify Home
  </Link>
</div>
`;
